[16:44:53] [main/INFO] (Entrypoint) JVM Uptime at startup: 2757ms
[16:44:53] [main/INFO] (FMLLoader) Starting FancyModLoader version 10.0.36 (CLIENT in DEV)
[16:44:53] [main/INFO] (FMLLoader) Game directory: F:\Minecraft modding\Projects\Fabric-Neoforge\Logistic Pipes 2\neoforge\run
[16:44:53] [main/INFO] (EarlyServiceDiscovery) Found 2 early service jars (out of 118) in 27ms
[16:44:53] [main/INFO] (FMLLoader) Loading FML Early Services:
[16:44:53] [main/INFO] (FMLLoader)  - C:/Users/VoiceLessQ/.gradle/caches/modules-2/files-2.1/net.neoforged.fancymodloader/earlydisplay/10.0.36/dbd0e11d545443f602addede111c39d9639708f9/earlydisplay-10.0.36.jar
[16:44:53] [main/INFO] (FMLLoader)  - C:/Users/VoiceLessQ/.gradle/caches/fabric-loom/forge/transformed-dependencies-v1/net/neoforged/fancymodloader/9bfaf3a66241288326c9f88ae8b30b31e11f5709d3506be0d5175715a0fc5daf/loader/10.0.36/loader-10.0.36.jar
[16:44:53] [main/INFO] (ImmediateWindowHandler) Loading ImmediateWindowProvider fmlearlywindow
[16:44:54] [ForkJoinPool.commonPool-worker-13/INFO] (GameLocator) Detected a joined NeoForge and Minecraft configuration. Applying filtering...
[16:44:54] [ForkJoinPool.commonPool-worker-13/INFO] (ModDiscoverer) Found mod file "client-extra.jar" [locator: game locator]
[16:44:54] [ForkJoinPool.commonPool-worker-13/INFO] (ModDiscoverer) Found mod file "neoforge-21.11.38-beta-minecraft-merged-1.21.11-loom.mappings.1_21_11.layered+hash.40359-v2-neoforge-21.11.38-beta.jar" [locator: game locator]
[16:44:54] [ForkJoinPool.commonPool-worker-13/INFO] (InDevFolderLocator) Got mod coordinates main%%F:\Minecraft modding\Projects\Fabric-Neoforge\Logistic Pipes 2\neoforge\build\resources\main;main%%F:\Minecraft modding\Projects\Fabric-Neoforge\Logistic Pipes 2\neoforge\build\classes\java\main from env
[16:44:54] [ForkJoinPool.commonPool-worker-13/INFO] (ModDiscoverer) Found mod file "main" [locator: indevfolder, reader: mod manifest]
[16:44:54] [ForkJoinPool.commonPool-worker-13/INFO] (ModDiscoverer) Found mod file "architectury-neoforge-d73eb3ca-19.0.1.jar" [locator: indevjar, reader: mod manifest]
[16:44:54] [ForkJoinPool.commonPool-worker-13/INFO] (ModDiscoverer) Found mod file "18073502988082505907.jar" [locator: indevjar, reader: mod manifest]
[16:44:54] [ForkJoinPool.commonPool-worker-13/INFO] (ModDiscoverer) Found gamelibrary file "mixinextras-neoforge-0.5.0.jar" [locator: indevjar, reader: mod manifest]
[16:44:54] [fml-loadingscreen/INFO] (LoadingScreenRenderer) GL info: NVIDIA GeForce RTX 4090/PCIe/SSE2 GL version 3.3.0 NVIDIA 591.86, NVIDIA Corporation
[16:44:55] [ForkJoinPool.commonPool-worker-13/WARN] (JarSelector) Attempted to select a dependency jar for JarJar which was passed in as source: library:mixinextras.neoforge. Using jar(C:/Users/VoiceLessQ/.gradle/caches/modules-2/files-2.1/io.github.llamalad7/mixinextras-neoforge/0.5.0/d734b83ce6542bb70ea31755c1595b88992dbe65/mixinextras-neoforge-0.5.0.jar)
[16:44:55] [ForkJoinPool.commonPool-worker-13/INFO] (JarInJarDependencyLocator) Found 1 dependencies adding them to mods collection
[16:44:55] [ForkJoinPool.commonPool-worker-13/INFO] (ModDiscoverer) Found library file "net.neoforged.neoforge-coremods-21.11.38-beta.jar" [parent: neoforge-21.11.38-beta-minecraft-merged-1.21.11-loom.mappings.1_21_11.layered+hash.40359-v2-neoforge-21.11.38-beta.jar, locator: jarinjar, reader: mod manifest]
[16:44:55] [ForkJoinPool.commonPool-worker-13/INFO] (ModDiscoverer) 
     Mod List:
		Name Version (Mod Id)

		Architectury 19.0.1 (architectury)
		generated_8d6810b 1 (generated_8d6810b)
		Minecraft 1.21.11 (minecraft)
		Morph 1.0.0 (morph)
		NeoForge 21.11.38-beta (neoforge)
[16:44:55] [main/INFO] (mixin) SpongePowered MIXIN Subsystem Version=0.8.7 Source=file:/C:/Users/VoiceLessQ/.gradle/caches/modules-2/files-2.1/net.fabricmc/sponge-mixin/0.16.5+mixin.0.8.7/80fc3a9f592673cea87f4cd702f87991c6c9fe4d/sponge-mixin-0.16.5+mixin.0.8.7.jar Service=FML Env=CLIENT
[16:44:55] [main/INFO] (FMLLoader) Loading FML Plugins:
[16:44:55] [main/INFO] (FMLLoader)  - C:/Users/VoiceLessQ/.gradle/caches/fabric-loom/minecraftMaven/net/minecraft/neoforge-21.11.38-beta-minecraft-merged/1.21.11-loom.mappings.1_21_11.layered+hash.40359-v2-neoforge-21.11.38-beta/neoforge-21.11.38-beta-minecraft-merged-1.21.11-loom.mappings.1_21_11.layered+hash.40359-v2-neoforge-21.11.38-beta.jar > net.neoforged.neoforge-coremods-21.11.38-beta.jar
[16:44:55] [main/INFO] (unprotect) Initializing Unprotect using FancyModLoader backend, target: Minecraft and loader classes (minecraft+forge)
[16:44:55] [main/INFO] (FMLLoader) Building game content classloader:
 - architectury (jar(F:/Minecraft modding/Projects/Fabric-Neoforge/Logistic Pipes 2/.gradle/loom-cache/remapped_mods/remapped/dev/architectury/architectury-neoforge-d73eb3ca/19.0.1/architectury-neoforge-d73eb3ca-19.0.1.jar))
 - generated_8d6810b (jar(C:/Users/VoiceLessQ/AppData/Local/Temp/18073502988082505907.jar))
 - minecraft (composite(jar(C:/Users/VoiceLessQ/.gradle/caches/fabric-loom/1.21.11/neoforge/21.11.38-beta/client-extra.jar), filtered(jar(C:/Users/VoiceLessQ/.gradle/caches/fabric-loom/minecraftMaven/net/minecraft/neoforge-21.11.38-beta-minecraft-merged/1.21.11-loom.mappings.1_21_11.layered+hash.40359-v2-neoforge-21.11.38-beta/neoforge-21.11.38-beta-minecraft-merged-1.21.11-loom.mappings.1_21_11.layered+hash.40359-v2-neoforge-21.11.38-beta.jar))))
 - mixinextras.neoforge (jar(C:/Users/VoiceLessQ/.gradle/caches/modules-2/files-2.1/io.github.llamalad7/mixinextras-neoforge/0.5.0/d734b83ce6542bb70ea31755c1595b88992dbe65/mixinextras-neoforge-0.5.0.jar))
 - morph (composite(folder(F:/Minecraft modding/Projects/Fabric-Neoforge/Logistic Pipes 2/neoforge/build/resources/main), folder(F:/Minecraft modding/Projects/Fabric-Neoforge/Logistic Pipes 2/neoforge/build/classes/java/main)))
 - neoforge (composite(filtered(jar(C:/Users/VoiceLessQ/.gradle/caches/fabric-loom/minecraftMaven/net/minecraft/neoforge-21.11.38-beta-minecraft-merged/1.21.11-loom.mappings.1_21_11.layered+hash.40359-v2-neoforge-21.11.38-beta/neoforge-21.11.38-beta-minecraft-merged-1.21.11-loom.mappings.1_21_11.layered+hash.40359-v2-neoforge-21.11.38-beta.jar))))
 - net.neoforged.fml.generated (empty(VirtualJar/net.neoforged.fml.generated))
[16:44:55] [main/INFO] (FMLLoader) Built game content classloader in 38ms
[16:44:55] [main/WARN] (MixinFacade) Mod file composite(folder(F:/Minecraft modding/Projects/Fabric-Neoforge/Logistic Pipes 2/neoforge/build/resources/main), folder(F:/Minecraft modding/Projects/Fabric-Neoforge/Logistic Pipes 2/neoforge/build/classes/java/main)) declares mixin config morph.mixins.json, but it actually comes from jar(C:/Users/VoiceLessQ/AppData/Local/Temp/18073502988082505907.jar)
[16:44:55] [main/INFO] (unprotect) Found 10242 Minecraft classes
[16:44:57] [Datafixer Bootstrap/INFO] (Minecraft) 290 Datafixer optimizations took 492 milliseconds
[16:44:57] [pool-13-thread-1/INFO] (MixinExtras|Service) Initializing MixinExtras via com.llamalad7.mixinextras.service.MixinExtrasServiceImpl(version=0.5.0).
[16:45:02] [main/WARN] (Minecraft) Ambiguity between arguments [teleport, location] and [teleport, destination] with inputs: [0.1 -0.5 .9, 0 0 0]
[16:45:02] [main/WARN] (Minecraft) Ambiguity between arguments [teleport, location] and [teleport, targets] with inputs: [0.1 -0.5 .9, 0 0 0]
[16:45:02] [main/WARN] (Minecraft) Ambiguity between arguments [teleport, destination] and [teleport, targets] with inputs: [Player, 0123, @e, dd12be42-52a9-4a91-a8a1-11c01849e498]
[16:45:02] [main/WARN] (Minecraft) Ambiguity between arguments [teleport, targets] and [teleport, destination] with inputs: [Player, 0123, dd12be42-52a9-4a91-a8a1-11c01849e498]
[16:45:02] [main/WARN] (Minecraft) Ambiguity between arguments [teleport, targets, location] and [teleport, targets, destination] with inputs: [0.1 -0.5 .9, 0 0 0]
[16:45:02] [main/WARN] (Minecraft) Ambiguity between arguments [waypoint, modify, waypoint, color, reset] and [waypoint, modify, waypoint, color, color] with inputs: [reset]
[16:45:02] [modloading-worker-0/INFO] (NeoForgeMod) NeoForge mod loading, version 21.11.38-beta, for MC 1.21.11
[16:45:03] [modloading-worker-0/ERROR] (OnlyInWarningsHandler) The mod generated_8d6810b uses the @OnlyIn annotation; the runtime member-stripping behaviour of this annotation is no longer present, which may lead to issues if that behaviour was relied upon
[16:45:03] [modloading-worker-0/ERROR] (OnlyInWarningsHandler) @OnlyIn used on class com.Morph.logisticspipes.LPClientSetup
[16:45:03] [modloading-worker-0/ERROR] (OnlyInWarningsHandler) @OnlyIn used on class com.Morph.logisticspipes.gui.screen.ScreenUpgrade
[16:45:03] [modloading-worker-0/ERROR] (OnlyInWarningsHandler) @OnlyIn used on class com.Morph.logisticspipes.gui.screen.ScreenSupplier
[16:45:03] [modloading-worker-0/ERROR] (OnlyInWarningsHandler) @OnlyIn used on class com.Morph.logisticspipes.gui.screen.ScreenSneakyUpgrade
[16:45:03] [modloading-worker-0/ERROR] (OnlyInWarningsHandler) @OnlyIn used on class com.Morph.logisticspipes.gui.screen.ScreenSecurityStation
[16:45:03] [modloading-worker-0/ERROR] (OnlyInWarningsHandler) @OnlyIn used on class com.Morph.logisticspipes.gui.screen.ScreenSatellite
[16:45:03] [modloading-worker-0/ERROR] (OnlyInWarningsHandler) @OnlyIn used on class com.Morph.logisticspipes.gui.screen.ScreenRequestTable
[16:45:03] [modloading-worker-0/ERROR] (OnlyInWarningsHandler) @OnlyIn used on class com.Morph.logisticspipes.gui.screen.ScreenRequest
[16:45:03] [modloading-worker-0/ERROR] (OnlyInWarningsHandler) @OnlyIn used on class com.Morph.logisticspipes.gui.screen.ScreenProviderFilter
[16:45:03] [modloading-worker-0/ERROR] (OnlyInWarningsHandler) @OnlyIn used on class com.Morph.logisticspipes.gui.screen.ScreenOreDictItemSink
[16:45:03] [modloading-worker-0/ERROR] (OnlyInWarningsHandler) @OnlyIn used on class com.Morph.logisticspipes.gui.screen.ScreenModBasedItemSink
[16:45:03] [modloading-worker-0/ERROR] (OnlyInWarningsHandler) @OnlyIn used on class com.Morph.logisticspipes.gui.screen.ScreenItemSink
[16:45:03] [modloading-worker-0/ERROR] (OnlyInWarningsHandler) @OnlyIn used on class com.Morph.logisticspipes.gui.screen.ScreenFluidSupplierMk2
[16:45:03] [modloading-worker-0/ERROR] (OnlyInWarningsHandler) @OnlyIn used on class com.Morph.logisticspipes.gui.screen.ScreenFluidRequest
[16:45:03] [modloading-worker-0/ERROR] (OnlyInWarningsHandler) @OnlyIn used on class com.Morph.logisticspipes.gui.screen.ScreenFirewall
[16:45:03] [modloading-worker-0/ERROR] (OnlyInWarningsHandler) @OnlyIn used on class com.Morph.logisticspipes.gui.screen.ScreenEnchantmentSinkMK2
[16:45:03] [modloading-worker-0/ERROR] (OnlyInWarningsHandler) @OnlyIn used on class com.Morph.logisticspipes.gui.screen.ScreenCreativeTabBasedItemSink
[16:45:03] [modloading-worker-0/ERROR] (OnlyInWarningsHandler) @OnlyIn used on class com.Morph.logisticspipes.gui.screen.ScreenCrafter
[16:45:03] [modloading-worker-0/ERROR] (OnlyInWarningsHandler) @OnlyIn used on class com.Morph.logisticspipes.gui.screen.ScreenConnectionUpgrade
[16:45:03] [modloading-worker-0/ERROR] (OnlyInWarningsHandler) @OnlyIn used on class com.Morph.logisticspipes.gui.screen.ScreenChassis
[16:45:03] [modloading-worker-0/ERROR] (OnlyInWarningsHandler) @OnlyIn used on class com.Morph.logisticspipes.client.LPPipeRenderer
[16:45:03] [modloading-worker-0/ERROR] (OnlyInWarningsHandler) @OnlyIn used on class com.Morph.logisticspipes.client.LPOverlayRenderer
[16:45:06] [Render thread/INFO] (Minecraft) Environment: Environment[sessionHost=https://sessionserver.mojang.com, servicesHost=https://api.minecraftservices.com, profilesHost=https://api.mojang.com, name=PROD]
[16:45:06] [Render thread/INFO] (Minecraft) Setting user: Dev
[16:45:06] [Render thread/INFO] (Minecraft) Backend library: LWJGL version 3.3.3+5
[16:45:06] [Render thread/INFO] (Minecraft) Using optional rendering extensions: GL_ARB_buffer_storage, GL_KHR_debug, GL_ARB_vertex_attrib_binding, GL_ARB_direct_state_access, GL_EXT_texture_filter_anisotropic
[16:45:07] [Render thread/INFO] (Minecraft) Reloading ResourceManager: vanilla, mod_resources, mod/generated_8d6810b, mod/architectury, mod/morph, mod/neoforge
[16:45:07] [resourceLoad/INFO] (Minecraft) Found unifont_all_no_pua-17.0.01.hex, loading
[16:45:07] [resourceLoad/INFO] (Minecraft) Found unifont_pua-17.0.01.hex, loading
[16:45:07] [resourceLoad/INFO] (Minecraft) Found unifont_jp_patch-17.0.01.hex, loading
[16:45:07] [resourceLoad/WARN] (Minecraft) Texture morph:block/pipe_basic_transport with size 18x18 limits mip level from 4 to 1
[16:45:07] [resourceLoad/WARN] (Minecraft) minecraft:textures/atlas/blocks.png: dropping miplevel from 4 to 1, because of minimum power of two: 2
[16:45:08] [resourceLoad/WARN] (Minecraft) Missing textures in model morph:item/module/module_enchantment_sink_mk2:
    minecraft:block_or_item:morph:item/module/enchantment_sink_mk2
[16:45:08] [resourceLoad/WARN] (Minecraft) Missing textures in model morph:item/module/module_enchantment_sink:
    minecraft:block_or_item:morph:item/module/enchantment_sink
[16:45:09] [Render thread/INFO] (Minecraft) OpenAL initialized on device OpenAL Soft on Speakers (Realtek(R) Audio)
[16:45:09] [Render thread/INFO] (Minecraft) Sound engine started
[16:45:09] [Render thread/INFO] (Minecraft) Created: 512x256x0 minecraft:textures/atlas/particles.png-atlas
[16:45:09] [Render thread/INFO] (Minecraft) Created: 128x128x0 minecraft:textures/atlas/decorated_pot.png-atlas
[16:45:09] [Render thread/INFO] (Minecraft) Created: 2048x1024x0 minecraft:textures/atlas/armor_trims.png-atlas
[16:45:09] [Render thread/INFO] (Minecraft) Created: 512x256x0 minecraft:textures/atlas/paintings.png-atlas
[16:45:09] [Render thread/INFO] (Minecraft) Created: 1024x512x0 minecraft:textures/atlas/shield_patterns.png-atlas
[16:45:09] [Render thread/INFO] (Minecraft) Created: 1024x1024x1 minecraft:textures/atlas/blocks.png-atlas
[16:45:09] [Render thread/INFO] (Minecraft) Created: 512x512x0 minecraft:textures/atlas/chest.png-atlas
[16:45:09] [Render thread/INFO] (Minecraft) Created: 256x128x0 minecraft:textures/atlas/celestials.png-atlas
[16:45:09] [Render thread/INFO] (Minecraft) Created: 1024x512x0 minecraft:textures/atlas/banner_patterns.png-atlas
[16:45:09] [Render thread/INFO] (Minecraft) Created: 512x512x0 minecraft:textures/atlas/beds.png-atlas
[16:45:09] [Render thread/INFO] (Minecraft) Created: 1024x512x0 minecraft:textures/atlas/items.png-atlas
[16:45:09] [Render thread/INFO] (Minecraft) Created: 1024x1024x0 minecraft:textures/atlas/gui.png-atlas
[16:45:09] [Render thread/INFO] (Minecraft) Created: 128x64x0 minecraft:textures/atlas/map_decorations.png-atlas
[16:45:09] [Render thread/INFO] (Minecraft) Created: 512x256x0 minecraft:textures/atlas/signs.png-atlas
[16:45:09] [Render thread/INFO] (Minecraft) Created: 512x512x0 minecraft:textures/atlas/shulker_boxes.png-atlas
[16:45:09] [Render thread/WARN] (Minecraft) No model loaded for default item model ID morph:pipe_request_table of morph:pipe_request_table
[16:45:09] [Render thread/INFO] (AnimationLoader) Loaded 0 entity animations
[16:45:09] [Render thread/ERROR] (ClassTransformStatistics) Class processor unprotect:processor transformed 81.07% of loaded class which is suspiciously high; it may be attempting mass-ASM. Please report this to the mod author.
[16:45:17] [Render thread/INFO] (Minecraft) Resizing Dynamic Transforms UBO, capacity limit of 2 reached during a single frame. New capacity will be 4.
[16:45:17] [Render thread/WARN] (CommonHooks) The following mods have version differences that were not resolved:
generated_56a1bb1 (version 1 -> MISSING)
Things may not work well.
[16:45:19] [Render thread/INFO] (Minecraft) Loaded 1486 recipes
[16:45:19] [Render thread/INFO] (Minecraft) Loaded 1584 advancements
[16:45:19] [Render thread/INFO] (RecipePriorityManager) Loaded 0 recipe priority overrides
[16:45:19] [Server thread/INFO] (Minecraft) Starting integrated minecraft server version 1.21.11
[16:45:19] [Server thread/INFO] (Minecraft) Generating keypair
[16:45:19] [Server thread/INFO] (Minecraft) Loading 0 persistent chunks...
[16:45:19] [Server thread/INFO] (Minecraft) Preparing spawn area: 16%
[16:45:19] [Server thread/INFO] (PermissionAPI) Successfully initialized permission handler neoforge:default_handler
[16:45:20] [Server thread/INFO] (Minecraft) Loading 49 chunks for player spawn...
[16:45:20] [Server thread/INFO] (Minecraft) Preparing spawn area: 16%
[16:45:20] [Server thread/INFO] (Minecraft) Preparing spawn area: 100%
[16:45:20] [Server thread/INFO] (Minecraft) Time elapsed: 1002 ms
[16:45:21] [Server thread/INFO] (Minecraft) Dev[local:E:e98b13b3] logged in with entity id 76 at (146.48404021047932, 63.0, -24.620921309872973)
[16:45:21] [Server thread/INFO] (Minecraft) Dev joined the game
[16:45:21] [Render thread/WARN] (Minecraft) Ignoring chat session from Dev due to missing Services public key
[16:45:21] [Render thread/INFO] (Minecraft) Resizing Dynamic Transforms UBO, capacity limit of 4 reached during a single frame. New capacity will be 8.
[16:45:21] [Render thread/INFO] (Minecraft) Loaded 2 advancements
[16:45:21] [Server thread/INFO] (Minecraft) Changing view distance to 16, from 10
[16:45:21] [Server thread/INFO] (Minecraft) Changing simulation distance to 12, from 0
[16:45:21] [Render thread/INFO] (Minecraft) Resizing Dynamic Transforms UBO, capacity limit of 8 reached during a single frame. New capacity will be 16.
[16:45:21] [Render thread/INFO] (Minecraft) Resizing Chunk Sections UBO, capacity limit of 2 reached during a single frame. New capacity will be 4.
[16:45:21] [Render thread/INFO] (Minecraft) Resizing Chunk Sections UBO, capacity limit of 4 reached during a single frame. New capacity will be 8.
[16:45:22] [Render thread/INFO] (Minecraft) Resizing Chunk Sections UBO, capacity limit of 8 reached during a single frame. New capacity will be 16.
[16:45:22] [Render thread/INFO] (Minecraft) Resizing Chunk Sections UBO, capacity limit of 16 reached during a single frame. New capacity will be 32.
[16:45:22] [Render thread/INFO] (Minecraft) Resizing Chunk Sections UBO, capacity limit of 32 reached during a single frame. New capacity will be 64.
[16:45:22] [Render thread/INFO] (Minecraft) Resizing Chunk Sections UBO, capacity limit of 64 reached during a single frame. New capacity will be 128.
[16:45:22] [Render thread/INFO] (Minecraft) Resizing Chunk Sections UBO, capacity limit of 128 reached during a single frame. New capacity will be 256.
[16:45:23] [Render thread/INFO] (Minecraft) Resizing Chunk Sections UBO, capacity limit of 256 reached during a single frame. New capacity will be 512.
[16:45:24] [Render thread/INFO] (Minecraft) Resizing Chunk Sections UBO, capacity limit of 512 reached during a single frame. New capacity will be 1024.
[16:45:47] [Server thread/INFO] (Minecraft) Saving and pausing game...
[16:45:47] [Server thread/INFO] (Minecraft) Saving chunks for level 'ServerLevel[New World]'/minecraft:overworld
[16:45:47] [Server thread/INFO] (Minecraft) Saving chunks for level 'ServerLevel[New World]'/minecraft:the_nether
[16:45:47] [Server thread/INFO] (Minecraft) Saving chunks for level 'ServerLevel[New World]'/minecraft:the_end
[16:45:48] [Server thread/INFO] (Minecraft) Dev lost connection: Disconnected
[16:45:48] [Server thread/INFO] (Minecraft) Dev left the game
[16:45:48] [Server thread/INFO] (Minecraft) Stopping singleplayer server as player logged out
[16:45:48] [Server thread/INFO] (Minecraft) Stopping server
[16:45:48] [Server thread/INFO] (Minecraft) Saving players
[16:45:48] [Server thread/INFO] (Minecraft) Saving worlds
[16:45:49] [Server thread/INFO] (Minecraft) Saving chunks for level 'ServerLevel[New World]'/minecraft:overworld
[16:45:49] [Server thread/INFO] (Minecraft) Saving chunks for level 'ServerLevel[New World]'/minecraft:the_nether
[16:45:49] [Server thread/INFO] (Minecraft) Saving chunks for level 'ServerLevel[New World]'/minecraft:the_end
[16:45:49] [Server thread/INFO] (Minecraft) ThreadedAnvilChunkStorage (New World): All chunks are saved
[16:45:49] [Server thread/INFO] (Minecraft) ThreadedAnvilChunkStorage (DIM-1): All chunks are saved
[16:45:49] [Server thread/INFO] (Minecraft) ThreadedAnvilChunkStorage (DIM1): All chunks are saved
[16:45:49] [Server thread/INFO] (Minecraft) ThreadedAnvilChunkStorage: All dimensions are saved
[16:45:50] [Render thread/ERROR] (ClassTransformStatistics) Class processor unprotect:processor transformed 81.77% of loaded class which is suspiciously high; it may be attempting mass-ASM. Please report this to the mod author.
[16:45:50] [Render thread/INFO] (Minecraft) Stopping!
